// Jest Snapshot v1, https://goo.gl/fbAQLP

exports[`Food Details Component component renders both correct data and image from path and a carousel 1`] = `
<DocumentFragment>
  <div
    class=""
  >
    <div
      class="px-10 lg:px-6 pt-4 lg:container mx-auto"
    >
      <div
        class="text-[#243A73] flex font-bold sm:text-[18px] pb-10"
        data-testid="breadcrumbs"
      >
        <a
          aria-current="page"
          class="active"
          href="/NutritionalInformation"
        >
           Food &  Nutrition
        </a>
        <p
          class="text text-titansBrightPink"
        >
           &gt; 
        </p>
        <a
          aria-current="page"
          class="active"
          href="/NutritionalInformation/mockCategory"
        >
           Mock Category
        </a>
        <p
          class="text text-titansBrightPink"
        >
           &gt; 
        </p>
        <a
          aria-current="page"
          class="active"
          href="/NutritionalInformation/mockCategory/mock3"
        >
           Mock3
        </a>
      </div>
      <div
        class="bg-white rounded-2xl flex flex-wrap md:flex-nowrap gap-y-5 gap-x-0 md:gap-x-2 mt-[6rem] mb-[6rem]"
      >
        <div
          class="pl-5 md:basis-1/2"
          data-testid="mock3-details"
        >
          <img
            alt="mock3"
            class="absolute visible top-[13rem]"
            src="mock/Image3.svg"
          />
          <div
            class="pl-2 pr-4 pt-[5rem]"
          >
            <div
              class="tracking-wide text-4xl text-black font-bold py-5 text-homepageHeaderSubTitle"
              data-testid="details-title"
            >
              mock3
            </div>
            <p
              class="block mt-1 text-xl leading-tight font-medium text-gray-900 text-[16px] lg:text-[20px]"
              data-testid="details-description"
            >
              mockDescription3
            </p>
            <div
              class="block mt-1 text-lg leading-tight font-semibold text-gray-900"
            >
              <h2
                class="py-5 text-[20px] lg:text-[24px] "
              >
                More Facts
              </h2>
              <ul
                class="list-none px-0 lg:px-5 text-[16px] lg:text-[20px]"
              >
                <li
                  class="pb-4 md:pb-8 flex font-medium"
                >
                  <img
                    alt="checkmark"
                    class="pr-5"
                    src="CheckMarkButton.svg"
                  />
                  mockFact13
                </li>
                <li
                  class="pb-4 md:pb-8 flex font-medium"
                >
                  <img
                    alt="checkmark"
                    class="pr-5"
                    src="CheckMarkButton.svg"
                  />
                  mockFact23
                </li>
              </ul>
            </div>
          </div>
        </div>
        <div
          class="md:basis-1/2"
        >
          <div
            class="bg-white rounded-3xl w-fit md:w-full lg:w-full xl:w-[40rem] mx-auto"
          >
            <span
              style="width: 150px; height: 150px; border-radius: 100%; border: 2px solid; border-top-color: red; border-bottom-color: transparent; border-left-color: red; border-right-color: red; display: inline-block; animation: react-spinners-ClipLoader-clip 0.75s 0s infinite linear; animation-fill-mode: both;"
            />
          </div>
        </div>
      </div>
    </div>
    <div
      class="-mt-10 w-full lg:container mx-auto px-2 sm:px-6 lg:px-6 pb-20"
    >
      <p
        class="text-titansDarkBlue text-[24px] sm:text-[36px] pl-4 sm:pl-0 font-semibold pb-6"
      >
        See next
      </p>
      <div
        class="react-multi-carousel-list  "
        dir="ltr"
      >
        <ul
          class="react-multi-carousel-track "
          style="transition: none; overflow: unset; transform: translate3d(0px,0,0);"
        >
          <li
            aria-hidden="false"
            class="react-multi-carousel-item react-multi-carousel-item--active p-[1rem]"
            data-index="0"
            style="flex-basis: auto; position: relative; width: 467px;"
          >
            <div
              class="bg-white font-quicksand table align-middle rounded-3xl shadow-lg w-60 h-60 sm:w-64 sm:h-64 xl:w-72 xl:h-72 2xl:w-80 2xl:h-80 3xl:w-96 3xl:h-96 hover:cursor-grab hover:-translate-y-0.5 hover:scale-105 duration-300"
              data-testid="mock1"
              role="button"
              tabindex="0"
            >
              <div
                class="py-[1.75rem] md:py-[3.625rem] w-full h-full flex-col flex"
              >
                <div
                  class="w-full h-full flex justify-center items-center md:-mt-0 md:-mt-8"
                >
                  <div
                    class="px-[2.75rem] md:px-[5rem] pb-[0.5rem] md:pb-[1rem] min-w-[89px] min-h-[81px] 2xl:mt-5"
                  >
                    <img
                      alt="mock1"
                      class="mx-auto undefined"
                      draggable="false"
                      src="mock/Image3.svg"
                    />
                  </div>
                </div>
                <div
                  class="md:text-xl text-homepageHeaderText font-semibold text-center mt-auto"
                >
                  mock1
                </div>
              </div>
            </div>
          </li>
          <li
            aria-hidden="false"
            class="react-multi-carousel-item react-multi-carousel-item--active p-[1rem]"
            data-index="1"
            style="flex-basis: auto; position: relative; width: 467px;"
          >
            <div
              class="bg-white font-quicksand table align-middle rounded-3xl shadow-lg w-60 h-60 sm:w-64 sm:h-64 xl:w-72 xl:h-72 2xl:w-80 2xl:h-80 3xl:w-96 3xl:h-96 hover:cursor-grab hover:-translate-y-0.5 hover:scale-105 duration-300"
              data-testid="mock2"
              role="button"
              tabindex="0"
            >
              <div
                class="py-[1.75rem] md:py-[3.625rem] w-full h-full flex-col flex"
              >
                <div
                  class="w-full h-full flex justify-center items-center md:-mt-0 md:-mt-8"
                >
                  <div
                    class="px-[2.75rem] md:px-[5rem] pb-[0.5rem] md:pb-[1rem] min-w-[89px] min-h-[81px] 2xl:mt-5"
                  >
                    <img
                      alt="mock2"
                      class="mx-auto undefined"
                      draggable="false"
                      src="mock/Image3.svg"
                    />
                  </div>
                </div>
                <div
                  class="md:text-xl text-homepageHeaderText font-semibold text-center mt-auto"
                >
                  mock2
                </div>
              </div>
            </div>
          </li>
        </ul>
      </div>
    </div>
  </div>
</DocumentFragment>
`;
