// Jest Snapshot v1, https://goo.gl/fbAQLP

exports[`ChallengeDetailsComponent component renders rules if in data 1`] = `
<DocumentFragment>
  <div>
    <div
      class="px-10 lg:px-6 pt-4 lg:container mx-auto"
    >
      <div
        class="text-[#243A73] flex font-bold sm:text-[18px] pb-10"
        data-testid="breadcrumbs"
      >
        <a
          aria-current="page"
          class="active"
          href="/FitnessChallenges"
        >
           Fitness Challenges
        </a>
        <p
          class="text text-titansBrightPink"
        >
           &gt; 
        </p>
        <a
          aria-current="page"
          class="active"
          href="/FitnessChallenges/mychallenge"
        >
           Mychallenge
        </a>
      </div>
      <div
        class="bg-white rounded-2xl flex flex-wrap md:flex-nowrap gap-y-5 gap-x-0 md:gap-x-2 mt-[6rem] mb-[6rem]"
      >
        <div
          class="pl-5 md:basis-1/2"
          data-testid="Test Activity-details"
        >
          <img
            alt=""
            class="absolute visible top-[13rem]"
            src="/test.jpg"
          />
          <div
            class="pl-2 pr-4 pt-[5rem]"
          >
            <div
              class="tracking-wide text-4xl text-black font-bold py-5 text-homepageHeaderSubTitle"
              data-testid="details-title"
            >
              Test Activity
            </div>
            <p
              class="block mt-1 text-xl leading-tight font-medium text-gray-900 text-[16px] lg:text-[20px]"
              data-testid="details-description"
            >
              Sample description of the test activity
            </p>
            <div
              class="block mt-1 text-lg leading-tight font-semibold text-gray-900"
            >
              <h2
                class="py-5 text-[20px] lg:text-[24px] "
              >
                Equipment
              </h2>
              <ul
                class="list-none px-0 lg:px-5 text-[16px] lg:text-[20px]"
              >
                <li
                  class="pb-4 md:pb-8 flex font-medium"
                >
                  <img
                    alt="checkmark"
                    class="pr-5 align-center"
                    src="CheckMarkButton.png"
                  />
                  Ball
                </li>
                <li
                  class="pb-4 md:pb-8 flex font-medium"
                >
                  <img
                    alt="checkmark"
                    class="pr-5 align-center"
                    src="CheckMarkButton.png"
                  />
                  Bow and Arrows
                </li>
              </ul>
            </div>
          </div>
        </div>
        <div
          class="md:basis-1/2 "
        >
          <div
            class="pr-[2rem] md:pr-[3rem] lg:pr-[5rem] pt-[2rem]"
          >
            <div
              class="lg:pt-4 pb-3 lg:pl-0 pl-5 tracking-wide text-[20px] lg:text-[24px] font-quicksand text-homepageHeaderSubTitle font-semibold pb-[2rem]"
            >
              How to play
            </div>
            <div
              class="pl-4 block mt-1 text-lg leading-tight font-medium font-quicksand"
            >
              <ul
                class="list-decimal"
              >
                <li
                  class="pb-6"
                >
                  Throw the ball
                </li>
                <li
                  class="pb-6"
                >
                  Shoot the ball with the bow and arrrows
                </li>
              </ul>
            </div>
            <div
              class="pt-4 pb-3 tracking-wide text-2xl font-quicksand text-homepageHeaderSubTitle font-semibold"
            >
              Rules
            </div>
            <div
              class="pl-4 block mt-1 text-lg leading-tight font-medium font-quicksand"
            >
              <ul
                class="list-disc"
              >
                <li
                  class="pb-6"
                >
                  Rule 1
                </li>
                <li
                  class="pb-6"
                >
                  Rule 2
                </li>
              </ul>
            </div>
          </div>
        </div>
      </div>
    </div>
  </div>
</DocumentFragment>
`;
